// Vitest Snapshot v1

exports[`VcsSelect > should mount 1`] = `
"<div data-v-425a9a74=\\"\\" class=\\"v-input vcs-select v-input--hide-details v-input--dense theme--light v-text-field v-text-field--single-line v-text-field--solo v-text-field--solo-flat v-text-field--enclosed v-select\\" style=\\"width: 100px; max-width: 100px;\\">
  <div class=\\"v-input__control\\">
    <div role=\\"button\\" aria-haspopup=\\"listbox\\" aria-expanded=\\"false\\" aria-owns=\\"list-2\\" class=\\"v-input__slot\\" style=\\"height: 32px;\\">
      <div class=\\"v-select__slot\\"><label for=\\"input-2\\" class=\\"v-label theme--light\\" style=\\"left: 0px; position: absolute;\\">Select</label>
        <div class=\\"v-select__selections\\"><input customclasses=\\"\\" width=\\"100\\" id=\\"input-2\\" readonly=\\"readonly\\" type=\\"text\\" aria-readonly=\\"false\\" autocomplete=\\"off\\"></div>
        <div class=\\"v-input__append-inner\\">
          <div class=\\"v-input__icon v-input__icon--append\\"><i aria-hidden=\\"true\\" class=\\"v-icon notranslate mdi mdi-chevron-down theme--light\\"></i></div>
        </div><input type=\\"hidden\\">
      </div>
      <div class=\\"v-menu\\">
        <!---->
      </div>
    </div>
  </div>
</div>"
`;
